// Jest Snapshot v1, https://goo.gl/fbAQLP

exports[`The Loading component should render Loading 1`] = `
<svg
  aria-label="Loading"
  height="64"
  role="status"
  style="display: inline-block;"
  viewBox="0 0 64 64"
  width="64"
>
  <defs>
    <lineargradient
      id="ui-loading-gradient"
      x1="0%"
      x2="0%"
      y1="0%"
      y2="100%"
    >
      <stop
        offset="0%"
        stop-color="currentColor"
        stop-opacity="1"
      />
      <stop
        offset="50%"
        stop-color="currentColor"
        stop-opacity="0.4"
      />
      <stop
        offset="100%"
        stop-color="currentColor"
        stop-opacity="0.1"
      />
    </lineargradient>
  </defs>
  <g
    transform="translate(32 32)"
  >
    <circle
      fill="none"
      r="27"
      stroke="currentColor"
      stroke-opacity="0.15"
      stroke-width="5"
    />
    <path
      d="M -27 3.3065463576978537e-15 A 27 27 0 1 0 -9.234543869793056 -25.37170076121953"
      fill="none"
      stroke="url(#ui-loading-gradient)"
      stroke-linecap="round"
      stroke-width="5"
    >
      <animatetransform
        attributeName="transform"
        dur="0.9s"
        from="0 0 0"
        repeatCount="indefinite"
        to="360 0 0"
        type="rotate"
      />
    </path>
  </g>
</svg>
`;
