// Jest Snapshot v1, https://goo.gl/fbAQLP

exports[`The Loading component should render Loading 1`] = `
<div
  class="prokodo-Loading"
  style="display: flex; align-items: center; justify-content: center; gap: 16px;"
>
  <svg
    height="0"
    style="position: absolute;"
    width="0"
  >
    <defs>
      <lineargradient
        class="prokodo-Loading__gradient"
        id="loading-gradient"
        x1="0%"
        x2="0%"
        y1="0%"
        y2="100%"
      >
        <stop
          offset="0%"
        />
        <stop
          offset="50%"
        />
        <stop
          offset="100%"
        />
      </lineargradient>
    </defs>
  </svg>
  <div
    class="prokodo-Loading__animation prokodo-Loading__animation--size-xl"
    style="border-radius: 50%; border: 4px solid transparent; border-top: 4px solid; animation: spin 1s linear infinite;"
  />
</div>
`;
